// Jest Snapshot v1, https://goo.gl/fbAQLP

exports[`cart-item-snapshot-tests cart-empty-container-should-match-snapshot 1`] = `
<div
  class="empty-cart-container"
  data-testid="cart-modal-empty-container"
>
  <h6
    class="cart-title"
  >
    Your cart is empty
  </h6>
  <svg
    fill="currentColor"
    height="1em"
    stroke="currentColor"
    stroke-width="0"
    viewBox="0 0 16 16"
    width="1em"
    xmlns="http://www.w3.org/2000/svg"
  >
    <path
      d="M.5 1a.5.5 0 0 0 0 1h1.11l.401 1.607 1.498 7.985A.5.5 0 0 0 4 12h1a2 2 0 1 0 0 4 2 2 0 0 0 0-4h7a2 2 0 1 0 0 4 2 2 0 0 0 0-4h1a.5.5 0 0 0 .491-.408l1.5-8A.5.5 0 0 0 14.5 3H2.89l-.405-1.621A.5.5 0 0 0 2 1H.5zM6 14a1 1 0 1 1-2 0 1 1 0 0 1 2 0zm7 0a1 1 0 1 1-2 0 1 1 0 0 1 2 0zM7.354 5.646 8.5 6.793l1.146-1.147a.5.5 0 0 1 .708.708L9.207 7.5l1.147 1.146a.5.5 0 0 1-.708.708L8.5 8.207 7.354 9.354a.5.5 0 1 1-.708-.708L7.793 7.5 6.646 6.354a.5.5 0 1 1 .708-.708z"
    />
  </svg>
</div>
`;

exports[`cart-item-snapshot-tests cart-item-should-match-snapshot 1`] = `
<li
  class="cart-list-item"
  data-testid="cart-item"
>
  <div
    class="cart-list-item-picture-container"
  >
    <img
      alt="YX1 Wireless Earphones"
      class="cart-item-picture"
      src="https://res.cloudinary.com/dir4brsjf/image/upload/v1697496515/audiophile/goods/product-yx1-earphones/desktop/wv1xzajrcrygkt1zarto.jpg"
    />
  </div>
  <div
    class="cart-list-item-text-container"
  >
    <h6
      class="cart-item-name"
    >
      YX1 Wireless Earphones
    </h6>
    <p
      class="cart-item-price"
    >
      $ 1,198
    </p>
  </div>
  <div
    class="cart-quantity-buttons-container"
  >
    <button
      class="cart-quantity-button"
      data-testid="cart-decrease-button"
    >
      <p>
        -
      </p>
    </button>
    <p
      class="cart-quantity-text"
      data-testid="cart-quantity"
    >
      3
    </p>
    <button
      class="cart-quantity-button"
      data-testid="cart-increase-button"
    >
      <p>
        +
      </p>
    </button>
  </div>
</li>
`;
